// Jest Snapshot v1, https://goo.gl/fbAQLP

exports[`matches the snapshot 1`] = `
<DocumentFragment>
  <div
    class="App"
  >
    <div>
      <h2>
        Todo List
      </h2>
      <div
        class="NewTodoForm"
      >
        <form>
          <label
            for="task"
          >
            Enter task: 
          </label>
          <input
            id="task"
            name="task"
            placeholder="Enter task here"
            type="text"
            value=""
          />
          <button
            class="NewTodoForm-btn"
          >
            Add Task
          </button>
        </form>
      </div>
    </div>
  </div>
</DocumentFragment>
`;
