// Jest Snapshot v1, https://goo.gl/fbAQLP

exports[`matches the snapshot 1`] = `
<DocumentFragment>
  <div
    class="Todo"
  >
    <p
      class="Todo-paragraph"
    >
      Task: 
      <button
        class="Todo-button"
      >
        X
      </button>
    </p>
  </div>
</DocumentFragment>
`;
